// Jest Snapshot v1, https://goo.gl/fbAQLP

exports[`renders learn react link 1`] = `
<BrowserRouter>
  <Switch>
    <Route
      exact={true}
      path="/"
      render={[Function]}
    />
    <Route
      component={[Function]}
      path="/view-item/:itemId"
    />
  </Switch>
</BrowserRouter>
`;
